  [Arg 3] Scalar F32: 2.279297 (raw 0x4011e000)
  [Arg 4] Scalar F32: 1.000000 (raw 0x3f800000)
  [Arg 5] Scalar F32: 1.404297 (raw 0x3fb3c000)
  [Arg 6] Scalar F32: 1.000000 (raw 0x3f800000)
  [Arg 7] Scalar F32: 63.000000 (raw 0x427c0000)
  [Arg 8] Scalar F32: 1002.539978 (raw 0x447aa28f)
  [Arg 9] Scalar I32: 3072 (raw 0xc00)
  [Arg 10] Scalar I32: 4096 (raw 0x1000)
  [Arg 11] Scalar I32: 2 (raw 0x2)
  [Arg 12] Scalar I32: 3 (raw 0x3)
  [Arg 13] Scalar I32: 1 (raw 0x1)
  [Arg 14] Scalar I32: 0 (raw 0x0)
[C++ Engine] Launching graph 'hamilton_demosaic_rgb_half_res' with 15 args...
  [Arg 3] Scalar F32: 2.279297 (raw 0x4011e000)
  [Arg 4] Scalar F32: 1.000000 (raw 0x3f800000)
  [Arg 5] Scalar F32: 1.404297 (raw 0x3fb3c000)
  [Arg 6] Scalar F32: 1.000000 (raw 0x3f800000)
  [Arg 7] Scalar F32: 63.000000 (raw 0x427c0000)
  [Arg 8] Scalar F32: 1002.539978 (raw 0x447aa28f)
  [Arg 9] Scalar I32: 3072 (raw 0xc00)
  [Arg 10] Scalar I32: 4096 (raw 0x1000)
  [Arg 11] Scalar I32: 2 (raw 0x2)
  [Arg 12] Scalar I32: 3 (raw 0x3)
  [Arg 13] Scalar I32: 1 (raw 0x1)
  [Arg 14] Scalar I32: 0 (raw 0x0)
[C++ Engine] Launching graph 'hamilton_demosaic_rgb_half_res' with 15 args...
  [Arg 3] Scalar F32: 2.279297 (raw 0x4011e000)
  [Arg 4] Scalar F32: 1.000000 (raw 0x3f800000)
  [Arg 5] Scalar F32: 1.404297 (raw 0x3fb3c000)
  [Arg 6] Scalar F32: 1.000000 (raw 0x3f800000)
  [Arg 7] Scalar F32: 63.000000 (raw 0x427c0000)
  [Arg 8] Scalar F32: 1002.539978 (raw 0x447aa28f)
  [Arg 9] Scalar I32: 3072 (raw 0xc00)
  [Arg 10] Scalar I32: 4096 (raw 0x1000)
  [Arg 11] Scalar I32: 2 (raw 0x2)
  [Arg 12] Scalar I32: 3 (raw 0x3)
  [Arg 13] Scalar I32: 1 (raw 0x1)
  [Arg 14] Scalar I32: 0 (raw 0x0)
[C++ Engine] Launching graph 'hamilton_demosaic_rgb_half_res' with 15 args...
  [Arg 3] Scalar F32: 2.279297 (raw 0x4011e000)
  [Arg 4] Scalar F32: 1.000000 (raw 0x3f800000)
  [Arg 5] Scalar F32: 1.404297 (raw 0x3fb3c000)
  [Arg 6] Scalar F32: 1.000000 (raw 0x3f800000)
  [Arg 7] Scalar F32: 63.000000 (raw 0x427c0000)
  [Arg 8] Scalar F32: 1002.539978 (raw 0x447aa28f)
  [Arg 9] Scalar I32: 3072 (raw 0xc00)
  [Arg 10] Scalar I32: 4096 (raw 0x1000)
  [Arg 11] Scalar I32: 2 (raw 0x2)
  [Arg 12] Scalar I32: 3 (raw 0x3)
  [Arg 13] Scalar I32: 1 (raw 0x1)
  [Arg 14] Scalar I32: 0 (raw 0x0)
[C++ Engine] Launching graph 'hamilton_demosaic_rgb_half_res' with 15 args...
  [Arg 5] Scalar F32: 1.974609 (raw 0x3ffcc001)
  [Arg 6] Scalar F32: 1.000000 (raw 0x3f800000)
  [Arg 7] Scalar F32: 1.300781 (raw 0x3fa68000)
  [Arg 8] Scalar F32: 1.000000 (raw 0x3f800000)
  [Arg 9] Scalar F32: 63.000000 (raw 0x427c0000)
  [Arg 10] Scalar F32: 1023.000000 (raw 0x447fc000)
  [Arg 11] Scalar I32: 3072 (raw 0xc00)
  [Arg 12] Scalar I32: 4096 (raw 0x1000)
  [Arg 13] Scalar I32: 2 (raw 0x2)
  [Arg 14] Scalar I32: 3 (raw 0x3)
  [Arg 15] Scalar I32: 1 (raw 0x1)
  [Arg 16] Scalar I32: 0 (raw 0x0)
[C++ Engine] Launching graph 'hamilton_demosaic' with 17 args...
  [Arg 5] Scalar F32: 1.974609 (raw 0x3ffcc001)
  [Arg 6] Scalar F32: 1.000000 (raw 0x3f800000)
  [Arg 7] Scalar F32: 1.300781 (raw 0x3fa68000)
  [Arg 8] Scalar F32: 1.000000 (raw 0x3f800000)
  [Arg 9] Scalar F32: 63.000000 (raw 0x427c0000)
  [Arg 10] Scalar F32: 1023.000000 (raw 0x447fc000)
  [Arg 11] Scalar I32: 3072 (raw 0xc00)
  [Arg 12] Scalar I32: 4096 (raw 0x1000)
  [Arg 13] Scalar I32: 2 (raw 0x2)
  [Arg 14] Scalar I32: 3 (raw 0x3)
  [Arg 15] Scalar I32: 1 (raw 0x1)
  [Arg 16] Scalar I32: 0 (raw 0x0)
[C++ Engine] Launching graph 'hamilton_demosaic' with 17 args...
  [Arg 5] Scalar F32: 1.974609 (raw 0x3ffcc001)
  [Arg 6] Scalar F32: 1.000000 (raw 0x3f800000)
  [Arg 7] Scalar F32: 1.300781 (raw 0x3fa68000)
  [Arg 8] Scalar F32: 1.000000 (raw 0x3f800000)
  [Arg 9] Scalar F32: 63.000000 (raw 0x427c0000)
  [Arg 10] Scalar F32: 1023.000000 (raw 0x447fc000)
  [Arg 11] Scalar I32: 3072 (raw 0xc00)
  [Arg 12] Scalar I32: 4096 (raw 0x1000)
  [Arg 13] Scalar I32: 2 (raw 0x2)
  [Arg 14] Scalar I32: 3 (raw 0x3)
  [Arg 15] Scalar I32: 1 (raw 0x1)
  [Arg 16] Scalar I32: 0 (raw 0x0)
[C++ Engine] Launching graph 'hamilton_demosaic' with 17 args...
  [Arg 9] Scalar F32: 1.974609 (raw 0x3ffcc001)
  [Arg 10] Scalar F32: 1.000000 (raw 0x3f800000)
  [Arg 11] Scalar F32: 1.300781 (raw 0x3fa68000)
  [Arg 12] Scalar F32: 1.000000 (raw 0x3f800000)
  [Arg 13] Scalar F32: 63.000000 (raw 0x427c0000)
  [Arg 14] Scalar F32: 1002.539978 (raw 0x447aa28f)
  [Arg 15] Scalar I32: 3072 (raw 0xc00)
  [Arg 16] Scalar I32: 4096 (raw 0x1000)
  [Arg 17] Scalar I32: 2 (raw 0x2)
  [Arg 18] Scalar I32: 3 (raw 0x3)
  [Arg 19] Scalar I32: 1 (raw 0x1)
  [Arg 20] Scalar I32: 0 (raw 0x0)
[C++ Engine] Launching graph 'hamilton_demosaic' with 21 args...
[C++ Engine] Graph 'hamilton_demosaic' launched successfully.
  [Arg 9] Scalar F32: 1.974609 (raw 0x3ffcc001)
  [Arg 10] Scalar F32: 1.000000 (raw 0x3f800000)
  [Arg 11] Scalar F32: 1.300781 (raw 0x3fa68000)
  [Arg 12] Scalar F32: 1.000000 (raw 0x3f800000)
  [Arg 13] Scalar F32: 63.000000 (raw 0x427c0000)
  [Arg 14] Scalar F32: 1002.539978 (raw 0x447aa28f)
  [Arg 15] Scalar I32: 3072 (raw 0xc00)
  [Arg 16] Scalar I32: 4096 (raw 0x1000)
  [Arg 17] Scalar I32: 2 (raw 0x2)
  [Arg 18] Scalar I32: 3 (raw 0x3)
  [Arg 19] Scalar I32: 1 (raw 0x1)
  [Arg 20] Scalar I32: 0 (raw 0x0)
[C++ Engine] Launching graph 'arm_demosaic' with 21 args...
[C++ Engine] Graph 'arm_demosaic' launched successfully.
  [Arg 9] Scalar F32: 1.974609 (raw 0x3ffcc001)
  [Arg 10] Scalar F32: 1.000000 (raw 0x3f800000)
  [Arg 11] Scalar F32: 1.300781 (raw 0x3fa68000)
  [Arg 12] Scalar F32: 1.000000 (raw 0x3f800000)
  [Arg 13] Scalar F32: 63.000000 (raw 0x427c0000)
  [Arg 14] Scalar F32: 1002.539978 (raw 0x447aa28f)
  [Arg 15] Scalar I32: 3072 (raw 0xc00)
  [Arg 16] Scalar I32: 4096 (raw 0x1000)
  [Arg 17] Scalar I32: 2 (raw 0x2)
  [Arg 18] Scalar I32: 3 (raw 0x3)
  [Arg 19] Scalar I32: 1 (raw 0x1)
  [Arg 20] Scalar I32: 0 (raw 0x0)
[C++ Engine] Launching graph 'arm_demosaic' with 21 args...
[C++ Engine] Graph 'arm_demosaic' launched successfully.
  [Arg 3] Scalar F32: 2.279297 (raw 0x4011e000)
  [Arg 4] Scalar F32: 1.000000 (raw 0x3f800000)
  [Arg 5] Scalar F32: 1.404297 (raw 0x3fb3c000)
  [Arg 6] Scalar F32: 1.000000 (raw 0x3f800000)
  [Arg 7] Scalar F32: 63.000000 (raw 0x427c0000)
  [Arg 8] Scalar F32: 1002.539978 (raw 0x447aa28f)
  [Arg 9] Scalar I32: 3072 (raw 0xc00)
  [Arg 10] Scalar I32: 4096 (raw 0x1000)
  [Arg 11] Scalar I32: 2 (raw 0x2)
  [Arg 12] Scalar I32: 3 (raw 0x3)
  [Arg 13] Scalar I32: 1 (raw 0x1)
  [Arg 14] Scalar I32: 0 (raw 0x0)
[C++ Engine] Launching graph 'hamilton_demosaic_rgb_half_res' with 15 args...
[C++ Engine] Graph 'hamilton_demosaic_rgb_half_res' launched successfully.
  [Arg 3] Scalar F32: 2.279297 (raw 0x4011e000)
  [Arg 4] Scalar F32: 1.000000 (raw 0x3f800000)
  [Arg 5] Scalar F32: 1.404297 (raw 0x3fb3c000)
  [Arg 6] Scalar F32: 1.000000 (raw 0x3f800000)
  [Arg 7] Scalar F32: 63.000000 (raw 0x427c0000)
  [Arg 8] Scalar F32: 1002.539978 (raw 0x447aa28f)
  [Arg 9] Scalar I32: 3072 (raw 0xc00)
  [Arg 10] Scalar I32: 4096 (raw 0x1000)
  [Arg 11] Scalar I32: 2 (raw 0x2)
  [Arg 12] Scalar I32: 3 (raw 0x3)
  [Arg 13] Scalar I32: 1 (raw 0x1)
  [Arg 14] Scalar I32: 0 (raw 0x0)
[C++ Engine] Launching graph 'hamilton_demosaic_rgb_half_res' with 15 args...
[C++ Engine] Graph 'hamilton_demosaic_rgb_half_res' launched successfully.
  [Arg 3] Scalar F32: 2.279297 (raw 0x4011e000)
  [Arg 4] Scalar F32: 1.000000 (raw 0x3f800000)
  [Arg 5] Scalar F32: 1.404297 (raw 0x3fb3c000)
  [Arg 6] Scalar F32: 1.000000 (raw 0x3f800000)
  [Arg 7] Scalar F32: 63.000000 (raw 0x427c0000)
  [Arg 8] Scalar F32: 1002.539978 (raw 0x447aa28f)
  [Arg 9] Scalar I32: 3072 (raw 0xc00)
  [Arg 10] Scalar I32: 4096 (raw 0x1000)
  [Arg 11] Scalar I32: 2 (raw 0x2)
  [Arg 12] Scalar I32: 3 (raw 0x3)
  [Arg 13] Scalar I32: 1 (raw 0x1)
  [Arg 14] Scalar I32: 0 (raw 0x0)
[C++ Engine] Launching graph 'hamilton_demosaic_rgb_half_res' with 15 args...
[C++ Engine] Graph 'hamilton_demosaic_rgb_half_res' launched successfully.
  [Arg 3] Scalar F32: 2.279297 (raw 0x4011e000)
  [Arg 4] Scalar F32: 1.000000 (raw 0x3f800000)
  [Arg 5] Scalar F32: 1.404297 (raw 0x3fb3c000)
  [Arg 6] Scalar F32: 1.000000 (raw 0x3f800000)
  [Arg 7] Scalar F32: 63.000000 (raw 0x427c0000)
  [Arg 8] Scalar F32: 1002.539978 (raw 0x447aa28f)
  [Arg 9] Scalar I32: 3072 (raw 0xc00)
  [Arg 10] Scalar I32: 4096 (raw 0x1000)
  [Arg 11] Scalar I32: 2 (raw 0x2)
  [Arg 12] Scalar I32: 3 (raw 0x3)
  [Arg 13] Scalar I32: 1 (raw 0x1)
  [Arg 14] Scalar I32: 0 (raw 0x0)
[C++ Engine] Launching graph 'hamilton_demosaic_rgb_half_res' with 15 args...
[C++ Engine] Graph 'hamilton_demosaic_rgb_half_res' launched successfully.
  [Arg 9] Scalar F32: 2.279297 (raw 0x4011e000)
  [Arg 10] Scalar F32: 1.000000 (raw 0x3f800000)
  [Arg 11] Scalar F32: 1.404297 (raw 0x3fb3c000)
  [Arg 12] Scalar F32: 1.000000 (raw 0x3f800000)
  [Arg 13] Scalar F32: 63.000000 (raw 0x427c0000)
  [Arg 14] Scalar F32: 1002.539978 (raw 0x447aa28f)
  [Arg 15] Scalar I32: 3072 (raw 0xc00)
  [Arg 16] Scalar I32: 4096 (raw 0x1000)
  [Arg 17] Scalar I32: 2 (raw 0x2)
  [Arg 18] Scalar I32: 3 (raw 0x3)
  [Arg 19] Scalar I32: 1 (raw 0x1)
  [Arg 20] Scalar I32: 0 (raw 0x0)
[C++ Engine] Launching graph 'hamilton_demosaic' with 21 args...
  [Arg 3] Scalar F32: 2.279297 (raw 0x4011e000)
  [Arg 4] Scalar F32: 1.000000 (raw 0x3f800000)
  [Arg 5] Scalar F32: 1.404297 (raw 0x3fb3c000)
  [Arg 6] Scalar F32: 1.000000 (raw 0x3f800000)
  [Arg 7] Scalar F32: 63.000000 (raw 0x427c0000)
  [Arg 8] Scalar F32: 1002.539978 (raw 0x447aa28f)
  [Arg 9] Scalar I32: 3072 (raw 0xc00)
  [Arg 10] Scalar I32: 4096 (raw 0x1000)
  [Arg 11] Scalar I32: 2 (raw 0x2)
  [Arg 12] Scalar I32: 3 (raw 0x3)
  [Arg 13] Scalar I32: 1 (raw 0x1)
  [Arg 14] Scalar I32: 0 (raw 0x0)
[C++ Engine] Launching graph 'hamilton_demosaic_rgb_half_res' with 15 args...
[C++ Engine] Graph 'hamilton_demosaic_rgb_half_res' launched successfully.
  [Arg 3] Scalar F32: 2.279297 (raw 0x4011e000)
  [Arg 4] Scalar F32: 1.000000 (raw 0x3f800000)
  [Arg 5] Scalar F32: 1.404297 (raw 0x3fb3c000)
  [Arg 6] Scalar F32: 1.000000 (raw 0x3f800000)
  [Arg 7] Scalar F32: 63.000000 (raw 0x427c0000)
  [Arg 8] Scalar F32: 1002.539978 (raw 0x447aa28f)
  [Arg 9] Scalar I32: 3072 (raw 0xc00)
  [Arg 10] Scalar I32: 4096 (raw 0x1000)
  [Arg 11] Scalar I32: 2 (raw 0x2)
  [Arg 12] Scalar I32: 3 (raw 0x3)
  [Arg 13] Scalar I32: 1 (raw 0x1)
  [Arg 14] Scalar I32: 0 (raw 0x0)
[C++ Engine] Launching graph 'hamilton_demosaic_rgb_half_res' with 15 args...
[C++ Engine] Graph 'hamilton_demosaic_rgb_half_res' launched successfully.
  [Arg 3] Scalar F32: 2.279297 (raw 0x4011e000)
  [Arg 4] Scalar F32: 1.000000 (raw 0x3f800000)
  [Arg 5] Scalar F32: 1.404297 (raw 0x3fb3c000)
  [Arg 6] Scalar F32: 1.000000 (raw 0x3f800000)
  [Arg 7] Scalar F32: 63.000000 (raw 0x427c0000)
  [Arg 8] Scalar F32: 1002.539978 (raw 0x447aa28f)
  [Arg 9] Scalar I32: 3072 (raw 0xc00)
  [Arg 10] Scalar I32: 4096 (raw 0x1000)
  [Arg 11] Scalar I32: 2 (raw 0x2)
  [Arg 12] Scalar I32: 3 (raw 0x3)
  [Arg 13] Scalar I32: 1 (raw 0x1)
  [Arg 14] Scalar I32: 0 (raw 0x0)
[C++ Engine] Launching graph 'hamilton_demosaic_rgb_half_res' with 15 args...
[C++ Engine] Graph 'hamilton_demosaic_rgb_half_res' launched successfully.
  [Arg 3] Scalar F32: 2.279297 (raw 0x4011e000)
  [Arg 4] Scalar F32: 1.000000 (raw 0x3f800000)
  [Arg 5] Scalar F32: 1.404297 (raw 0x3fb3c000)
  [Arg 6] Scalar F32: 1.000000 (raw 0x3f800000)
  [Arg 7] Scalar F32: 63.000000 (raw 0x427c0000)
  [Arg 8] Scalar F32: 1002.539978 (raw 0x447aa28f)
  [Arg 9] Scalar I32: 3072 (raw 0xc00)
  [Arg 10] Scalar I32: 4096 (raw 0x1000)
  [Arg 11] Scalar I32: 2 (raw 0x2)
  [Arg 12] Scalar I32: 3 (raw 0x3)
  [Arg 13] Scalar I32: 1 (raw 0x1)
  [Arg 14] Scalar I32: 0 (raw 0x0)
[C++ Engine] Launching graph 'hamilton_demosaic_rgb_half_res' with 15 args...
[C++ Engine] Graph 'hamilton_demosaic_rgb_half_res' launched successfully.
  [Arg 3] Scalar F32: 2.279297 (raw 0x4011e000)
  [Arg 4] Scalar F32: 1.000000 (raw 0x3f800000)
  [Arg 5] Scalar F32: 1.404297 (raw 0x3fb3c000)
  [Arg 6] Scalar F32: 1.000000 (raw 0x3f800000)
  [Arg 7] Scalar F32: 63.000000 (raw 0x427c0000)
  [Arg 8] Scalar F32: 1002.539978 (raw 0x447aa28f)
  [Arg 9] Scalar I32: 3072 (raw 0xc00)
  [Arg 10] Scalar I32: 4096 (raw 0x1000)
  [Arg 11] Scalar I32: 2 (raw 0x2)
  [Arg 12] Scalar I32: 3 (raw 0x3)
  [Arg 13] Scalar I32: 1 (raw 0x1)
  [Arg 14] Scalar I32: 0 (raw 0x0)
[C++ Engine] Launching graph 'hamilton_demosaic_rgb_half_res' with 15 args...
[C++ Engine] Graph 'hamilton_demosaic_rgb_half_res' launched successfully.
  [Arg 3] Scalar F32: 2.279297 (raw 0x4011e000)
  [Arg 4] Scalar F32: 1.000000 (raw 0x3f800000)
  [Arg 5] Scalar F32: 1.404297 (raw 0x3fb3c000)
  [Arg 6] Scalar F32: 1.000000 (raw 0x3f800000)
  [Arg 7] Scalar F32: 63.000000 (raw 0x427c0000)
  [Arg 8] Scalar F32: 1002.539978 (raw 0x447aa28f)
  [Arg 9] Scalar I32: 3072 (raw 0xc00)
  [Arg 10] Scalar I32: 4096 (raw 0x1000)
  [Arg 11] Scalar I32: 2 (raw 0x2)
  [Arg 12] Scalar I32: 3 (raw 0x3)
  [Arg 13] Scalar I32: 1 (raw 0x1)
  [Arg 14] Scalar I32: 0 (raw 0x0)
[C++ Engine] Launching graph 'hamilton_demosaic_rgb_half_res' with 15 args...
[C++ Engine] Graph 'hamilton_demosaic_rgb_half_res' launched successfully.
  [Arg 3] Scalar F32: 2.279297 (raw 0x4011e000)
  [Arg 4] Scalar F32: 1.000000 (raw 0x3f800000)
  [Arg 5] Scalar F32: 1.404297 (raw 0x3fb3c000)
  [Arg 6] Scalar F32: 1.000000 (raw 0x3f800000)
  [Arg 7] Scalar F32: 63.000000 (raw 0x427c0000)
  [Arg 8] Scalar F32: 1002.539978 (raw 0x447aa28f)
  [Arg 9] Scalar I32: 3072 (raw 0xc00)
  [Arg 10] Scalar I32: 4096 (raw 0x1000)
  [Arg 11] Scalar I32: 2 (raw 0x2)
  [Arg 12] Scalar I32: 3 (raw 0x3)
  [Arg 13] Scalar I32: 1 (raw 0x1)
  [Arg 14] Scalar I32: 0 (raw 0x0)
[C++ Engine] Launching graph 'hamilton_demosaic_rgb_half_res' with 15 args...
[C++ Engine] Graph 'hamilton_demosaic_rgb_half_res' launched successfully.
  [Arg 3] Scalar F32: 2.279297 (raw 0x4011e000)
  [Arg 4] Scalar F32: 1.000000 (raw 0x3f800000)
  [Arg 5] Scalar F32: 1.404297 (raw 0x3fb3c000)
  [Arg 6] Scalar F32: 1.000000 (raw 0x3f800000)
  [Arg 7] Scalar F32: 63.000000 (raw 0x427c0000)
  [Arg 8] Scalar F32: 1002.539978 (raw 0x447aa28f)
  [Arg 9] Scalar I32: 3072 (raw 0xc00)
  [Arg 10] Scalar I32: 4096 (raw 0x1000)
  [Arg 11] Scalar I32: 2 (raw 0x2)
  [Arg 12] Scalar I32: 3 (raw 0x3)
  [Arg 13] Scalar I32: 1 (raw 0x1)
  [Arg 14] Scalar I32: 0 (raw 0x0)
[C++ Engine] Launching graph 'hamilton_demosaic_rgb_half_res' with 15 args...
[C++ Engine] Graph 'hamilton_demosaic_rgb_half_res' launched successfully.
  [Arg 9] Scalar F32: 1.974609 (raw 0x3ffcc001)
  [Arg 10] Scalar F32: 1.000000 (raw 0x3f800000)
  [Arg 11] Scalar F32: 1.300781 (raw 0x3fa68000)
  [Arg 12] Scalar F32: 1.000000 (raw 0x3f800000)
  [Arg 13] Scalar F32: 63.000000 (raw 0x427c0000)
  [Arg 14] Scalar F32: 1002.539978 (raw 0x447aa28f)
  [Arg 15] Scalar I32: 3072 (raw 0xc00)
  [Arg 16] Scalar I32: 4096 (raw 0x1000)
  [Arg 17] Scalar I32: 2 (raw 0x2)
  [Arg 18] Scalar I32: 3 (raw 0x3)
  [Arg 19] Scalar I32: 1 (raw 0x1)
  [Arg 20] Scalar I32: 0 (raw 0x0)
[C++ Engine] Launching graph 'arm_demosaic' with 21 args...
[C++ Engine] Graph 'arm_demosaic' launched successfully.
  [Arg 9] Scalar F32: 1.974609 (raw 0x3ffcc001)
  [Arg 10] Scalar F32: 1.000000 (raw 0x3f800000)
  [Arg 11] Scalar F32: 1.300781 (raw 0x3fa68000)
  [Arg 12] Scalar F32: 1.000000 (raw 0x3f800000)
  [Arg 13] Scalar F32: 63.000000 (raw 0x427c0000)
  [Arg 14] Scalar F32: 1002.539978 (raw 0x447aa28f)
  [Arg 15] Scalar I32: 3072 (raw 0xc00)
  [Arg 16] Scalar I32: 4096 (raw 0x1000)
  [Arg 17] Scalar I32: 2 (raw 0x2)
  [Arg 18] Scalar I32: 3 (raw 0x3)
  [Arg 19] Scalar I32: 1 (raw 0x1)
  [Arg 20] Scalar I32: 0 (raw 0x0)
[C++ Engine] Launching graph 'arm_demosaic' with 21 args...
[C++ Engine] Graph 'arm_demosaic' launched successfully.
  [Arg 3] Scalar F32: 2.279297 (raw 0x4011e000)
  [Arg 4] Scalar F32: 1.000000 (raw 0x3f800000)
  [Arg 5] Scalar F32: 1.404297 (raw 0x3fb3c000)
  [Arg 6] Scalar F32: 1.000000 (raw 0x3f800000)
  [Arg 7] Scalar F32: 63.000000 (raw 0x427c0000)
  [Arg 8] Scalar F32: 1002.539978 (raw 0x447aa28f)
  [Arg 9] Scalar I32: 3072 (raw 0xc00)
  [Arg 10] Scalar I32: 4096 (raw 0x1000)
  [Arg 11] Scalar I32: 2 (raw 0x2)
  [Arg 12] Scalar I32: 3 (raw 0x3)
  [Arg 13] Scalar I32: 1 (raw 0x1)
  [Arg 14] Scalar I32: 0 (raw 0x0)
[C++ Engine] Launching graph 'hamilton_demosaic_rgb_half_res' with 15 args...
[C++ Engine] Graph 'hamilton_demosaic_rgb_half_res' launched successfully.
  [Arg 3] Scalar F32: 2.279297 (raw 0x4011e000)
  [Arg 4] Scalar F32: 1.000000 (raw 0x3f800000)
  [Arg 5] Scalar F32: 1.404297 (raw 0x3fb3c000)
  [Arg 6] Scalar F32: 1.000000 (raw 0x3f800000)
  [Arg 7] Scalar F32: 63.000000 (raw 0x427c0000)
  [Arg 8] Scalar F32: 1002.539978 (raw 0x447aa28f)
  [Arg 9] Scalar I32: 3072 (raw 0xc00)
  [Arg 10] Scalar I32: 4096 (raw 0x1000)
  [Arg 11] Scalar I32: 2 (raw 0x2)
  [Arg 12] Scalar I32: 3 (raw 0x3)
  [Arg 13] Scalar I32: 1 (raw 0x1)
  [Arg 14] Scalar I32: 0 (raw 0x0)
[C++ Engine] Launching graph 'hamilton_demosaic_rgb_half_res' with 15 args...
[C++ Engine] Graph 'hamilton_demosaic_rgb_half_res' launched successfully.
  [Arg 9] Scalar F32: 2.279297 (raw 0x4011e000)
  [Arg 10] Scalar F32: 1.000000 (raw 0x3f800000)
  [Arg 11] Scalar F32: 1.404297 (raw 0x3fb3c000)
  [Arg 12] Scalar F32: 1.000000 (raw 0x3f800000)
  [Arg 13] Scalar F32: 63.000000 (raw 0x427c0000)
  [Arg 14] Scalar F32: 1002.539978 (raw 0x447aa28f)
  [Arg 15] Scalar I32: 3072 (raw 0xc00)
  [Arg 16] Scalar I32: 4096 (raw 0x1000)
  [Arg 17] Scalar I32: 2 (raw 0x2)
  [Arg 18] Scalar I32: 3 (raw 0x3)
  [Arg 19] Scalar I32: 1 (raw 0x1)
  [Arg 20] Scalar I32: 0 (raw 0x0)
[C++ Engine] Launching graph 'hamilton_demosaic' with 21 args...
  [Arg 3] Scalar F32: 2.279297 (raw 0x4011e000)
  [Arg 4] Scalar F32: 1.000000 (raw 0x3f800000)
  [Arg 5] Scalar F32: 1.404297 (raw 0x3fb3c000)
  [Arg 6] Scalar F32: 1.000000 (raw 0x3f800000)
  [Arg 7] Scalar F32: 63.000000 (raw 0x427c0000)
  [Arg 8] Scalar F32: 1002.539978 (raw 0x447aa28f)
  [Arg 9] Scalar I32: 3072 (raw 0xc00)
  [Arg 10] Scalar I32: 4096 (raw 0x1000)
  [Arg 11] Scalar I32: 2 (raw 0x2)
  [Arg 12] Scalar I32: 3 (raw 0x3)
  [Arg 13] Scalar I32: 1 (raw 0x1)
  [Arg 14] Scalar I32: 0 (raw 0x0)
[C++ Engine] Launching graph 'hamilton_demosaic_rgb_half_res' with 15 args...
[C++ Engine] Graph 'hamilton_demosaic_rgb_half_res' launched successfully.
  [Arg 3] Scalar F32: 2.279297 (raw 0x4011e000)
  [Arg 4] Scalar F32: 1.000000 (raw 0x3f800000)
  [Arg 5] Scalar F32: 1.404297 (raw 0x3fb3c000)
  [Arg 6] Scalar F32: 1.000000 (raw 0x3f800000)
  [Arg 7] Scalar F32: 63.000000 (raw 0x427c0000)
  [Arg 8] Scalar F32: 1002.539978 (raw 0x447aa28f)
  [Arg 9] Scalar I32: 3072 (raw 0xc00)
  [Arg 10] Scalar I32: 4096 (raw 0x1000)
  [Arg 11] Scalar I32: 2 (raw 0x2)
  [Arg 12] Scalar I32: 3 (raw 0x3)
  [Arg 13] Scalar I32: 1 (raw 0x1)
  [Arg 14] Scalar I32: 0 (raw 0x0)
[C++ Engine] Launching graph 'hamilton_demosaic_rgb_half_res' with 15 args...
[C++ Engine] Graph 'hamilton_demosaic_rgb_half_res' launched successfully.
  [Arg 3] Scalar F32: 2.279297 (raw 0x4011e000)
  [Arg 4] Scalar F32: 1.000000 (raw 0x3f800000)
  [Arg 5] Scalar F32: 1.404297 (raw 0x3fb3c000)
  [Arg 6] Scalar F32: 1.000000 (raw 0x3f800000)
  [Arg 7] Scalar F32: 63.000000 (raw 0x427c0000)
  [Arg 8] Scalar F32: 1002.539978 (raw 0x447aa28f)
  [Arg 9] Scalar I32: 3072 (raw 0xc00)
  [Arg 10] Scalar I32: 4096 (raw 0x1000)
  [Arg 11] Scalar I32: 2 (raw 0x2)
  [Arg 12] Scalar I32: 3 (raw 0x3)
  [Arg 13] Scalar I32: 1 (raw 0x1)
  [Arg 14] Scalar I32: 0 (raw 0x0)
[C++ Engine] Launching graph 'hamilton_demosaic_rgb_half_res' with 15 args...
[C++ Engine] Graph 'hamilton_demosaic_rgb_half_res' launched successfully.
  [Arg 3] Scalar F32: 2.279297 (raw 0x4011e000)
  [Arg 4] Scalar F32: 1.000000 (raw 0x3f800000)
  [Arg 5] Scalar F32: 1.404297 (raw 0x3fb3c000)
  [Arg 6] Scalar F32: 1.000000 (raw 0x3f800000)
  [Arg 7] Scalar F32: 63.000000 (raw 0x427c0000)
  [Arg 8] Scalar F32: 1002.539978 (raw 0x447aa28f)
  [Arg 9] Scalar I32: 3072 (raw 0xc00)
  [Arg 10] Scalar I32: 4096 (raw 0x1000)
  [Arg 11] Scalar I32: 2 (raw 0x2)
  [Arg 12] Scalar I32: 3 (raw 0x3)
  [Arg 13] Scalar I32: 1 (raw 0x1)
  [Arg 14] Scalar I32: 0 (raw 0x0)
[C++ Engine] Launching graph 'hamilton_demosaic_rgb_half_res' with 15 args...
[C++ Engine] Graph 'hamilton_demosaic_rgb_half_res' launched successfully.
  [Arg 3] Scalar F32: 2.279297 (raw 0x4011e000)
  [Arg 4] Scalar F32: 1.000000 (raw 0x3f800000)
  [Arg 5] Scalar F32: 1.404297 (raw 0x3fb3c000)
  [Arg 6] Scalar F32: 1.000000 (raw 0x3f800000)
  [Arg 7] Scalar F32: 63.000000 (raw 0x427c0000)
  [Arg 8] Scalar F32: 1002.539978 (raw 0x447aa28f)
  [Arg 9] Scalar I32: 3072 (raw 0xc00)
  [Arg 10] Scalar I32: 4096 (raw 0x1000)
  [Arg 11] Scalar I32: 2 (raw 0x2)
  [Arg 12] Scalar I32: 3 (raw 0x3)
  [Arg 13] Scalar I32: 1 (raw 0x1)
  [Arg 14] Scalar I32: 0 (raw 0x0)
[C++ Engine] Launching graph 'hamilton_demosaic_rgb_half_res' with 15 args...
[C++ Engine] Graph 'hamilton_demosaic_rgb_half_res' launched successfully.
  [Arg 3] Scalar F32: 2.279297 (raw 0x4011e000)
  [Arg 4] Scalar F32: 1.000000 (raw 0x3f800000)
  [Arg 5] Scalar F32: 1.404297 (raw 0x3fb3c000)
  [Arg 6] Scalar F32: 1.000000 (raw 0x3f800000)
  [Arg 7] Scalar F32: 63.000000 (raw 0x427c0000)
  [Arg 8] Scalar F32: 1002.539978 (raw 0x447aa28f)
  [Arg 9] Scalar I32: 3072 (raw 0xc00)
  [Arg 10] Scalar I32: 4096 (raw 0x1000)
  [Arg 11] Scalar I32: 2 (raw 0x2)
  [Arg 12] Scalar I32: 3 (raw 0x3)
  [Arg 13] Scalar I32: 1 (raw 0x1)
  [Arg 14] Scalar I32: 0 (raw 0x0)
[C++ Engine] Launching graph 'hamilton_demosaic_rgb_half_res' with 15 args...
[C++ Engine] Graph 'hamilton_demosaic_rgb_half_res' launched successfully.
  [Arg 3] Scalar F32: 2.279297 (raw 0x4011e000)
  [Arg 4] Scalar F32: 1.000000 (raw 0x3f800000)
  [Arg 5] Scalar F32: 1.404297 (raw 0x3fb3c000)
  [Arg 6] Scalar F32: 1.000000 (raw 0x3f800000)
  [Arg 7] Scalar F32: 63.000000 (raw 0x427c0000)
  [Arg 8] Scalar F32: 1002.539978 (raw 0x447aa28f)
  [Arg 9] Scalar I32: 3072 (raw 0xc00)
  [Arg 10] Scalar I32: 4096 (raw 0x1000)
  [Arg 11] Scalar I32: 2 (raw 0x2)
  [Arg 12] Scalar I32: 3 (raw 0x3)
  [Arg 13] Scalar I32: 1 (raw 0x1)
  [Arg 14] Scalar I32: 0 (raw 0x0)
[C++ Engine] Launching graph 'hamilton_demosaic_rgb_half_res' with 15 args...
[C++ Engine] Graph 'hamilton_demosaic_rgb_half_res' launched successfully.
  [Arg 3] Scalar F32: 2.279297 (raw 0x4011e000)
  [Arg 4] Scalar F32: 1.000000 (raw 0x3f800000)
  [Arg 5] Scalar F32: 1.404297 (raw 0x3fb3c000)
  [Arg 6] Scalar F32: 1.000000 (raw 0x3f800000)
  [Arg 7] Scalar F32: 63.000000 (raw 0x427c0000)
  [Arg 8] Scalar F32: 1002.539978 (raw 0x447aa28f)
  [Arg 9] Scalar I32: 3072 (raw 0xc00)
  [Arg 10] Scalar I32: 4096 (raw 0x1000)
  [Arg 11] Scalar I32: 2 (raw 0x2)
  [Arg 12] Scalar I32: 3 (raw 0x3)
  [Arg 13] Scalar I32: 1 (raw 0x1)
  [Arg 14] Scalar I32: 0 (raw 0x0)
[C++ Engine] Launching graph 'hamilton_demosaic_rgb_half_res' with 15 args...
[C++ Engine] Graph 'hamilton_demosaic_rgb_half_res' launched successfully.
  [Arg 3] Scalar F32: 2.279297 (raw 0x4011e000)
  [Arg 4] Scalar F32: 1.000000 (raw 0x3f800000)
  [Arg 5] Scalar F32: 1.404297 (raw 0x3fb3c000)
  [Arg 6] Scalar F32: 1.000000 (raw 0x3f800000)
  [Arg 7] Scalar F32: 63.000000 (raw 0x427c0000)
  [Arg 8] Scalar F32: 1002.539978 (raw 0x447aa28f)
  [Arg 9] Scalar I32: 3072 (raw 0xc00)
  [Arg 10] Scalar I32: 4096 (raw 0x1000)
  [Arg 11] Scalar I32: 2 (raw 0x2)
  [Arg 12] Scalar I32: 3 (raw 0x3)
  [Arg 13] Scalar I32: 1 (raw 0x1)
  [Arg 14] Scalar I32: 0 (raw 0x0)
[C++ Engine] Launching graph 'hamilton_demosaic_rgb_half_res' with 15 args...
  [Arg 3] Scalar F32: 2.279297 (raw 0x4011e000)
  [Arg 4] Scalar F32: 1.000000 (raw 0x3f800000)
  [Arg 5] Scalar F32: 1.404297 (raw 0x3fb3c000)
  [Arg 6] Scalar F32: 1.000000 (raw 0x3f800000)
  [Arg 7] Scalar F32: 63.000000 (raw 0x427c0000)
  [Arg 8] Scalar F32: 1002.539978 (raw 0x447aa28f)
  [Arg 9] Scalar I32: 3072 (raw 0xc00)
  [Arg 10] Scalar I32: 4096 (raw 0x1000)
  [Arg 11] Scalar I32: 2 (raw 0x2)
  [Arg 12] Scalar I32: 3 (raw 0x3)
  [Arg 13] Scalar I32: 1 (raw 0x1)
  [Arg 14] Scalar I32: 0 (raw 0x0)
[C++ Engine] Launching graph 'hamilton_demosaic_rgb_half_res' with 15 args...
  [Arg 9] Scalar F32: 1.974609 (raw 0x3ffcc001)
  [Arg 10] Scalar F32: 1.000000 (raw 0x3f800000)
  [Arg 11] Scalar F32: 1.300781 (raw 0x3fa68000)
  [Arg 12] Scalar F32: 1.000000 (raw 0x3f800000)
  [Arg 13] Scalar F32: 63.000000 (raw 0x427c0000)
  [Arg 14] Scalar F32: 1002.539978 (raw 0x447aa28f)
  [Arg 15] Scalar I32: 3072 (raw 0xc00)
  [Arg 16] Scalar I32: 4096 (raw 0x1000)
  [Arg 17] Scalar I32: 2 (raw 0x2)
  [Arg 18] Scalar I32: 3 (raw 0x3)
  [Arg 19] Scalar I32: 1 (raw 0x1)
  [Arg 20] Scalar I32: 0 (raw 0x0)
[C++ Engine] Launching graph 'hamilton_demosaic' with 21 args...
[C++ Engine] Graph 'hamilton_demosaic' launched successfully.
  [Arg 3] Scalar F32: 1.974609 (raw 0x3ffcc001)
  [Arg 4] Scalar F32: 1.000000 (raw 0x3f800000)
  [Arg 5] Scalar F32: 1.300781 (raw 0x3fa68000)
  [Arg 6] Scalar F32: 1.000000 (raw 0x3f800000)
  [Arg 7] Scalar F32: 63.000000 (raw 0x427c0000)
  [Arg 8] Scalar F32: 1002.539978 (raw 0x447aa28f)
  [Arg 9] Scalar I32: 3072 (raw 0xc00)
  [Arg 10] Scalar I32: 4096 (raw 0x1000)
  [Arg 11] Scalar I32: 2 (raw 0x2)
  [Arg 12] Scalar I32: 3 (raw 0x3)
  [Arg 13] Scalar I32: 1 (raw 0x1)
  [Arg 14] Scalar I32: 0 (raw 0x0)
[C++ Engine] Launching graph 'hamilton_demosaic_rgb_half_res' with 15 args...
[C++ Engine] Graph 'hamilton_demosaic_rgb_half_res' launched successfully.
  [Arg 3] Scalar F32: 2.279297 (raw 0x4011e000)
  [Arg 4] Scalar F32: 1.000000 (raw 0x3f800000)
  [Arg 5] Scalar F32: 1.404297 (raw 0x3fb3c000)
  [Arg 6] Scalar F32: 1.000000 (raw 0x3f800000)
  [Arg 7] Scalar F32: 63.000000 (raw 0x427c0000)
  [Arg 8] Scalar F32: 1002.539978 (raw 0x447aa28f)
  [Arg 9] Scalar I32: 3072 (raw 0xc00)
  [Arg 10] Scalar I32: 4096 (raw 0x1000)
  [Arg 11] Scalar I32: 2 (raw 0x2)
  [Arg 12] Scalar I32: 3 (raw 0x3)
  [Arg 13] Scalar I32: 1 (raw 0x1)
  [Arg 14] Scalar I32: 0 (raw 0x0)
[C++ Engine] Launching graph 'hamilton_demosaic_rgb_half_res' with 15 args...
  [Arg 3] Scalar F32: 1.894531 (raw 0x3ff27fff)
  [Arg 4] Scalar F32: 1.000000 (raw 0x3f800000)
  [Arg 5] Scalar F32: 1.757812 (raw 0x3fe10000)
  [Arg 6] Scalar F32: 1.000000 (raw 0x3f800000)
  [Arg 7] Scalar F32: 63.000000 (raw 0x427c0000)
  [Arg 8] Scalar F32: 1002.539978 (raw 0x447aa28f)
  [Arg 9] Scalar I32: 3072 (raw 0xc00)
  [Arg 10] Scalar I32: 4096 (raw 0x1000)
  [Arg 11] Scalar I32: 2 (raw 0x2)
  [Arg 12] Scalar I32: 3 (raw 0x3)
  [Arg 13] Scalar I32: 1 (raw 0x1)
  [Arg 14] Scalar I32: 0 (raw 0x0)
[C++ Engine] Launching graph 'hamilton_demosaic_rgb_half_res' with 15 args...
  [Arg 3] Scalar F32: 1.894531 (raw 0x3ff27fff)
  [Arg 4] Scalar F32: 1.000000 (raw 0x3f800000)
  [Arg 5] Scalar F32: 1.757812 (raw 0x3fe10000)
  [Arg 6] Scalar F32: 1.000000 (raw 0x3f800000)
  [Arg 7] Scalar F32: 63.000000 (raw 0x427c0000)
  [Arg 8] Scalar F32: 1002.539978 (raw 0x447aa28f)
  [Arg 9] Scalar I32: 3072 (raw 0xc00)
  [Arg 10] Scalar I32: 4096 (raw 0x1000)
  [Arg 11] Scalar I32: 2 (raw 0x2)
  [Arg 12] Scalar I32: 3 (raw 0x3)
  [Arg 13] Scalar I32: 1 (raw 0x1)
  [Arg 14] Scalar I32: 0 (raw 0x0)
[C++ Engine] Launching graph 'hamilton_demosaic_rgb_half_res' with 15 args...
  [Arg 3] Scalar F32: 1.894531 (raw 0x3ff27fff)
  [Arg 4] Scalar F32: 1.000000 (raw 0x3f800000)
  [Arg 5] Scalar F32: 1.757812 (raw 0x3fe10000)
  [Arg 6] Scalar F32: 1.000000 (raw 0x3f800000)
  [Arg 7] Scalar F32: 63.000000 (raw 0x427c0000)
  [Arg 8] Scalar F32: 1002.539978 (raw 0x447aa28f)
  [Arg 9] Scalar I32: 3072 (raw 0xc00)
  [Arg 10] Scalar I32: 4096 (raw 0x1000)
  [Arg 11] Scalar I32: 2 (raw 0x2)
  [Arg 12] Scalar I32: 3 (raw 0x3)
  [Arg 13] Scalar I32: 1 (raw 0x1)
  [Arg 14] Scalar I32: 0 (raw 0x0)
[C++ Engine] Launching graph 'hamilton_demosaic_rgb_half_res' with 15 args...
[C++ Engine] Graph 'hamilton_demosaic_rgb_half_res' launched successfully.
  [Arg 3] Scalar F32: 1.894531 (raw 0x3ff27fff)
  [Arg 4] Scalar F32: 1.000000 (raw 0x3f800000)
  [Arg 5] Scalar F32: 1.746094 (raw 0x3fdf8000)
  [Arg 6] Scalar F32: 1.000000 (raw 0x3f800000)
  [Arg 7] Scalar F32: 63.000000 (raw 0x427c0000)
  [Arg 8] Scalar F32: 1002.539978 (raw 0x447aa28f)
  [Arg 9] Scalar I32: 3072 (raw 0xc00)
  [Arg 10] Scalar I32: 4096 (raw 0x1000)
  [Arg 11] Scalar I32: 2 (raw 0x2)
  [Arg 12] Scalar I32: 3 (raw 0x3)
  [Arg 13] Scalar I32: 1 (raw 0x1)
  [Arg 14] Scalar I32: 0 (raw 0x0)
[C++ Engine] Launching graph 'hamilton_demosaic_rgb_half_res' with 15 args...
[C++ Engine] Graph 'hamilton_demosaic_rgb_half_res' launched successfully.
  [Arg 3] Scalar F32: 1.894531 (raw 0x3ff27fff)
  [Arg 4] Scalar F32: 1.000000 (raw 0x3f800000)
  [Arg 5] Scalar F32: 1.757812 (raw 0x3fe10000)
  [Arg 6] Scalar F32: 1.000000 (raw 0x3f800000)
  [Arg 7] Scalar F32: 63.000000 (raw 0x427c0000)
  [Arg 8] Scalar F32: 1002.539978 (raw 0x447aa28f)
  [Arg 9] Scalar I32: 3072 (raw 0xc00)
  [Arg 10] Scalar I32: 4096 (raw 0x1000)
  [Arg 11] Scalar I32: 2 (raw 0x2)
  [Arg 12] Scalar I32: 3 (raw 0x3)
  [Arg 13] Scalar I32: 1 (raw 0x1)
  [Arg 14] Scalar I32: 0 (raw 0x0)
[C++ Engine] Launching graph 'hamilton_demosaic_rgb_half_res' with 15 args...
[C++ Engine] Graph 'hamilton_demosaic_rgb_half_res' launched successfully.
  [Arg 3] Scalar F32: 1.900391 (raw 0x3ff33fff)
  [Arg 4] Scalar F32: 1.000000 (raw 0x3f800000)
  [Arg 5] Scalar F32: 1.750000 (raw 0x3fdfffff)
  [Arg 6] Scalar F32: 1.000000 (raw 0x3f800000)
  [Arg 7] Scalar F32: 63.000000 (raw 0x427c0000)
  [Arg 8] Scalar F32: 1002.539978 (raw 0x447aa28f)
  [Arg 9] Scalar I32: 3072 (raw 0xc00)
  [Arg 10] Scalar I32: 4096 (raw 0x1000)
  [Arg 11] Scalar I32: 2 (raw 0x2)
  [Arg 12] Scalar I32: 3 (raw 0x3)
  [Arg 13] Scalar I32: 1 (raw 0x1)
  [Arg 14] Scalar I32: 0 (raw 0x0)
[C++ Engine] Launching graph 'hamilton_demosaic_rgb_half_res' with 15 args...
[C++ Engine] Graph 'hamilton_demosaic_rgb_half_res' launched successfully.
  [Arg 3] Scalar F32: 1.894531 (raw 0x3ff27fff)
  [Arg 4] Scalar F32: 1.000000 (raw 0x3f800000)
  [Arg 5] Scalar F32: 1.757812 (raw 0x3fe10000)
  [Arg 6] Scalar F32: 1.000000 (raw 0x3f800000)
  [Arg 7] Scalar F32: 63.000000 (raw 0x427c0000)
  [Arg 8] Scalar F32: 1002.539978 (raw 0x447aa28f)
  [Arg 9] Scalar I32: 3072 (raw 0xc00)
  [Arg 10] Scalar I32: 4096 (raw 0x1000)
  [Arg 11] Scalar I32: 2 (raw 0x2)
  [Arg 12] Scalar I32: 3 (raw 0x3)
  [Arg 13] Scalar I32: 1 (raw 0x1)
  [Arg 14] Scalar I32: 0 (raw 0x0)
[C++ Engine] Launching graph 'hamilton_demosaic_rgb_half_res' with 15 args...
[C++ Engine] Graph 'hamilton_demosaic_rgb_half_res' launched successfully.
  [Arg 3] Scalar F32: 1.894531 (raw 0x3ff27fff)
  [Arg 4] Scalar F32: 1.000000 (raw 0x3f800000)
  [Arg 5] Scalar F32: 1.746094 (raw 0x3fdf8000)
  [Arg 6] Scalar F32: 1.000000 (raw 0x3f800000)
  [Arg 7] Scalar F32: 63.000000 (raw 0x427c0000)
  [Arg 8] Scalar F32: 1002.539978 (raw 0x447aa28f)
  [Arg 9] Scalar I32: 3072 (raw 0xc00)
  [Arg 10] Scalar I32: 4096 (raw 0x1000)
  [Arg 11] Scalar I32: 2 (raw 0x2)
  [Arg 12] Scalar I32: 3 (raw 0x3)
  [Arg 13] Scalar I32: 1 (raw 0x1)
  [Arg 14] Scalar I32: 0 (raw 0x0)
[C++ Engine] Launching graph 'hamilton_demosaic_rgb_half_res' with 15 args...
[C++ Engine] Graph 'hamilton_demosaic_rgb_half_res' launched successfully.
  [Arg 3] Scalar F32: 1.894531 (raw 0x3ff27fff)
  [Arg 4] Scalar F32: 1.000000 (raw 0x3f800000)
  [Arg 5] Scalar F32: 1.757812 (raw 0x3fe10000)
  [Arg 6] Scalar F32: 1.000000 (raw 0x3f800000)
  [Arg 7] Scalar F32: 63.000000 (raw 0x427c0000)
  [Arg 8] Scalar F32: 1002.539978 (raw 0x447aa28f)
  [Arg 9] Scalar I32: 3072 (raw 0xc00)
  [Arg 10] Scalar I32: 4096 (raw 0x1000)
  [Arg 11] Scalar I32: 2 (raw 0x2)
  [Arg 12] Scalar I32: 3 (raw 0x3)
  [Arg 13] Scalar I32: 1 (raw 0x1)
  [Arg 14] Scalar I32: 0 (raw 0x0)
[C++ Engine] Launching graph 'hamilton_demosaic_rgb_half_res' with 15 args...
[C++ Engine] Graph 'hamilton_demosaic_rgb_half_res' launched successfully.
  [Arg 3] Scalar F32: 1.900391 (raw 0x3ff33fff)
  [Arg 4] Scalar F32: 1.000000 (raw 0x3f800000)
  [Arg 5] Scalar F32: 1.750000 (raw 0x3fdfffff)
  [Arg 6] Scalar F32: 1.000000 (raw 0x3f800000)
  [Arg 7] Scalar F32: 63.000000 (raw 0x427c0000)
  [Arg 8] Scalar F32: 1002.539978 (raw 0x447aa28f)
  [Arg 9] Scalar I32: 3072 (raw 0xc00)
  [Arg 10] Scalar I32: 4096 (raw 0x1000)
  [Arg 11] Scalar I32: 2 (raw 0x2)
  [Arg 12] Scalar I32: 3 (raw 0x3)
  [Arg 13] Scalar I32: 1 (raw 0x1)
  [Arg 14] Scalar I32: 0 (raw 0x0)
[C++ Engine] Launching graph 'hamilton_demosaic_rgb_half_res' with 15 args...
[C++ Engine] Graph 'hamilton_demosaic_rgb_half_res' launched successfully.
  [Arg 3] Scalar F32: 1.894531 (raw 0x3ff27fff)
  [Arg 4] Scalar F32: 1.000000 (raw 0x3f800000)
  [Arg 5] Scalar F32: 1.757812 (raw 0x3fe10000)
  [Arg 6] Scalar F32: 1.000000 (raw 0x3f800000)
  [Arg 7] Scalar F32: 63.000000 (raw 0x427c0000)
  [Arg 8] Scalar F32: 1002.539978 (raw 0x447aa28f)
  [Arg 9] Scalar I32: 3072 (raw 0xc00)
  [Arg 10] Scalar I32: 4096 (raw 0x1000)
  [Arg 11] Scalar I32: 2 (raw 0x2)
  [Arg 12] Scalar I32: 3 (raw 0x3)
  [Arg 13] Scalar I32: 1 (raw 0x1)
  [Arg 14] Scalar I32: 0 (raw 0x0)
[C++ Engine] Launching graph 'hamilton_demosaic_rgb_half_res' with 15 args...
[C++ Engine] Graph 'hamilton_demosaic_rgb_half_res' launched successfully.
  [Arg 3] Scalar F32: 1.894531 (raw 0x3ff27fff)
  [Arg 4] Scalar F32: 1.000000 (raw 0x3f800000)
  [Arg 5] Scalar F32: 1.757812 (raw 0x3fe10000)
  [Arg 6] Scalar F32: 1.000000 (raw 0x3f800000)
  [Arg 7] Scalar F32: 63.000000 (raw 0x427c0000)
  [Arg 8] Scalar F32: 1002.539978 (raw 0x447aa28f)
  [Arg 9] Scalar I32: 3072 (raw 0xc00)
  [Arg 10] Scalar I32: 4096 (raw 0x1000)
  [Arg 11] Scalar I32: 2 (raw 0x2)
  [Arg 12] Scalar I32: 3 (raw 0x3)
  [Arg 13] Scalar I32: 1 (raw 0x1)
  [Arg 14] Scalar I32: 0 (raw 0x0)
[C++ Engine] Launching graph 'hamilton_demosaic_rgb_half_res' with 15 args...
[C++ Engine] Graph 'hamilton_demosaic_rgb_half_res' launched successfully.
  [Arg 3] Scalar F32: 1.894531 (raw 0x3ff27fff)
  [Arg 4] Scalar F32: 1.000000 (raw 0x3f800000)
  [Arg 5] Scalar F32: 1.746094 (raw 0x3fdf8000)
  [Arg 6] Scalar F32: 1.000000 (raw 0x3f800000)
  [Arg 7] Scalar F32: 63.000000 (raw 0x427c0000)
  [Arg 8] Scalar F32: 1002.539978 (raw 0x447aa28f)
  [Arg 9] Scalar I32: 3072 (raw 0xc00)
  [Arg 10] Scalar I32: 4096 (raw 0x1000)
  [Arg 11] Scalar I32: 2 (raw 0x2)
  [Arg 12] Scalar I32: 3 (raw 0x3)
  [Arg 13] Scalar I32: 1 (raw 0x1)
  [Arg 14] Scalar I32: 0 (raw 0x0)
[C++ Engine] Launching graph 'hamilton_demosaic_rgb_half_res' with 15 args...
[C++ Engine] Graph 'hamilton_demosaic_rgb_half_res' launched successfully.
  [Arg 3] Scalar F32: 1.894531 (raw 0x3ff27fff)
  [Arg 4] Scalar F32: 1.000000 (raw 0x3f800000)
  [Arg 5] Scalar F32: 1.746094 (raw 0x3fdf8000)
  [Arg 6] Scalar F32: 1.000000 (raw 0x3f800000)
  [Arg 7] Scalar F32: 63.000000 (raw 0x427c0000)
  [Arg 8] Scalar F32: 1002.539978 (raw 0x447aa28f)
  [Arg 9] Scalar I32: 3072 (raw 0xc00)
  [Arg 10] Scalar I32: 4096 (raw 0x1000)
  [Arg 11] Scalar I32: 2 (raw 0x2)
  [Arg 12] Scalar I32: 3 (raw 0x3)
  [Arg 13] Scalar I32: 1 (raw 0x1)
  [Arg 14] Scalar I32: 0 (raw 0x0)
[C++ Engine] Launching graph 'hamilton_demosaic_rgb_half_res' with 15 args...
[C++ Engine] Graph 'hamilton_demosaic_rgb_half_res' launched successfully.
  [Arg 3] Scalar F32: 1.894531 (raw 0x3ff27fff)
  [Arg 4] Scalar F32: 1.000000 (raw 0x3f800000)
  [Arg 5] Scalar F32: 1.757812 (raw 0x3fe10000)
  [Arg 6] Scalar F32: 1.000000 (raw 0x3f800000)
  [Arg 7] Scalar F32: 63.000000 (raw 0x427c0000)
  [Arg 8] Scalar F32: 1002.539978 (raw 0x447aa28f)
  [Arg 9] Scalar I32: 3072 (raw 0xc00)
  [Arg 10] Scalar I32: 4096 (raw 0x1000)
  [Arg 11] Scalar I32: 2 (raw 0x2)
  [Arg 12] Scalar I32: 3 (raw 0x3)
  [Arg 13] Scalar I32: 1 (raw 0x1)
  [Arg 14] Scalar I32: 0 (raw 0x0)
[C++ Engine] Launching graph 'hamilton_demosaic_rgb_half_res' with 15 args...
[C++ Engine] Graph 'hamilton_demosaic_rgb_half_res' launched successfully.
  [Arg 3] Scalar F32: 1.894531 (raw 0x3ff27fff)
  [Arg 4] Scalar F32: 1.000000 (raw 0x3f800000)
  [Arg 5] Scalar F32: 1.757812 (raw 0x3fe10000)
  [Arg 6] Scalar F32: 1.000000 (raw 0x3f800000)
  [Arg 7] Scalar F32: 63.000000 (raw 0x427c0000)
  [Arg 8] Scalar F32: 1002.539978 (raw 0x447aa28f)
  [Arg 9] Scalar I32: 3072 (raw 0xc00)
  [Arg 10] Scalar I32: 4096 (raw 0x1000)
  [Arg 11] Scalar I32: 2 (raw 0x2)
  [Arg 12] Scalar I32: 3 (raw 0x3)
  [Arg 13] Scalar I32: 1 (raw 0x1)
  [Arg 14] Scalar I32: 0 (raw 0x0)
[C++ Engine] Launching graph 'hamilton_demosaic_rgb_half_res' with 15 args...
[C++ Engine] Graph 'hamilton_demosaic_rgb_half_res' launched successfully.
  [Arg 3] Scalar F32: 1.900391 (raw 0x3ff33fff)
  [Arg 4] Scalar F32: 1.000000 (raw 0x3f800000)
  [Arg 5] Scalar F32: 1.750000 (raw 0x3fdfffff)
  [Arg 6] Scalar F32: 1.000000 (raw 0x3f800000)
  [Arg 7] Scalar F32: 63.000000 (raw 0x427c0000)
  [Arg 8] Scalar F32: 1002.539978 (raw 0x447aa28f)
  [Arg 9] Scalar I32: 3072 (raw 0xc00)
  [Arg 10] Scalar I32: 4096 (raw 0x1000)
  [Arg 11] Scalar I32: 2 (raw 0x2)
  [Arg 12] Scalar I32: 3 (raw 0x3)
  [Arg 13] Scalar I32: 1 (raw 0x1)
  [Arg 14] Scalar I32: 0 (raw 0x0)
[C++ Engine] Launching graph 'hamilton_demosaic_rgb_half_res' with 15 args...
[C++ Engine] Graph 'hamilton_demosaic_rgb_half_res' launched successfully.
  [Arg 3] Scalar F32: 1.900391 (raw 0x3ff33fff)
  [Arg 4] Scalar F32: 1.000000 (raw 0x3f800000)
  [Arg 5] Scalar F32: 1.750000 (raw 0x3fdfffff)
  [Arg 6] Scalar F32: 1.000000 (raw 0x3f800000)
  [Arg 7] Scalar F32: 63.000000 (raw 0x427c0000)
  [Arg 8] Scalar F32: 1002.539978 (raw 0x447aa28f)
  [Arg 9] Scalar I32: 3072 (raw 0xc00)
  [Arg 10] Scalar I32: 4096 (raw 0x1000)
  [Arg 11] Scalar I32: 2 (raw 0x2)
  [Arg 12] Scalar I32: 3 (raw 0x3)
  [Arg 13] Scalar I32: 1 (raw 0x1)
  [Arg 14] Scalar I32: 0 (raw 0x0)
[C++ Engine] Launching graph 'hamilton_demosaic_rgb_half_res' with 15 args...
[C++ Engine] Graph 'hamilton_demosaic_rgb_half_res' launched successfully.
  [Arg 9] Scalar F32: 1.894531 (raw 0x3ff27fff)
  [Arg 10] Scalar F32: 1.000000 (raw 0x3f800000)
  [Arg 11] Scalar F32: 1.757812 (raw 0x3fe10000)
  [Arg 12] Scalar F32: 1.000000 (raw 0x3f800000)
  [Arg 13] Scalar F32: 63.000000 (raw 0x427c0000)
  [Arg 14] Scalar F32: 1002.539978 (raw 0x447aa28f)
  [Arg 15] Scalar I32: 3072 (raw 0xc00)
  [Arg 16] Scalar I32: 4096 (raw 0x1000)
  [Arg 17] Scalar I32: 2 (raw 0x2)
  [Arg 18] Scalar I32: 3 (raw 0x3)
  [Arg 19] Scalar I32: 1 (raw 0x1)
  [Arg 20] Scalar I32: 0 (raw 0x0)
[C++ Engine] Launching graph 'hamilton_demosaic' with 21 args...
[C++ Engine] Graph 'hamilton_demosaic' launched successfully.
  [Arg 9] Scalar F32: 1.974609 (raw 0x3ffcc001)
  [Arg 10] Scalar F32: 1.000000 (raw 0x3f800000)
  [Arg 11] Scalar F32: 1.300781 (raw 0x3fa68000)
  [Arg 12] Scalar F32: 1.000000 (raw 0x3f800000)
  [Arg 13] Scalar F32: 63.000000 (raw 0x427c0000)
  [Arg 14] Scalar F32: 1002.539978 (raw 0x447aa28f)
  [Arg 15] Scalar I32: 3072 (raw 0xc00)
  [Arg 16] Scalar I32: 4096 (raw 0x1000)
  [Arg 17] Scalar I32: 2 (raw 0x2)
  [Arg 18] Scalar I32: 3 (raw 0x3)
  [Arg 19] Scalar I32: 1 (raw 0x1)
  [Arg 20] Scalar I32: 0 (raw 0x0)
[C++ Engine] Launching graph 'hamilton_demosaic' with 21 args...
[C++ Engine] Graph 'hamilton_demosaic' launched successfully.
